[2026-06-15 09:40:06] INFO: [MOCK] DB 연결 건너뜀 — 임시 데이터 모드
[2026-06-15 09:40:06] INFO: [그룹 바인딩] Host: SCC-IVR01에 서브ID: 102가 묶임 (누적: 2건)
[2026-06-15 09:40:06] INFO: [큐 최종 적재] Host: SCC-IVR01 | 묶인 갯수: 2건 | 대표ID: 101
[2026-06-15 09:40:06] INFO: [큐 최종 적재] Host: SCC-IVR02 | 묶인 갯수: 1건 | 대표ID: 201
[2026-06-15 09:40:06] INFO: [큐 최종 적재] Host: SCC-IVR03 | 묶인 갯수: 1건 | 대표ID: 301
[2026-06-15 09:40:06] INFO: [큐 최종 적재] Host: SCC-IVR04 | 묶인 갯수: 1건 | 대표ID: 401
[2026-06-15 09:40:06] INFO: [큐 최종 적재] Host: SCC-IVR05 | 묶인 갯수: 1건 | 대표ID: 501
[2026-06-15 09:40:06] INFO: [큐 최종 적재] Host: SCC-IVR06 | 묶인 갯수: 1건 | 대표ID: 601
[2026-06-15 09:40:06] INFO: [큐 최종 적재] Host: SCC-IVR07 | 묶인 갯수: 1건 | 대표ID: 701
[2026-06-15 09:40:06] INFO: [MOCK] 큐 초기 적재 완료 | 큐: 7건 | 처리중: 7건 | 번들: ID:101(2건), ID:201(1건), ID:301(1건), ID:401(1건), ID:501(1건), ID:601(1건), ID:701(1건)
[2026-06-15 09:40:06] INFO: [MOCK] 번들링 결과: IVR01(101+102 묶음) + IVR02~IVR07 각 1건 = 총 7건 → 큐 7건
[2026-06-15 09:40:06] INFO: [READY] 서버 기동 (MOCK) — http://127.0.0.1:3000
[2026-06-15 09:41:27] INFO: [REQ] contents=undefined | id=undefined
[2026-06-15 09:41:30] INFO: [REQ] contents=undefined | id=undefined
[2026-06-15 09:57:07] INFO: [REQ] contents=check-event | id=undefined
[2026-06-15 09:57:07] INFO: [발신 시작] 번호: 01041581689 | 호스트: SCC-IVR01 | 유형: 심각 | 시스템: System-A | 발생시각: 2026-06-15T00:40:06.083Z | ID: 101
[2026-06-15 09:57:07] INFO: [REQ] contents=call-done | id=201
[2026-06-15 09:57:07] ERROR: [CALL-DONE ERROR] Cannot read properties of null (reading 'request')
[2026-06-15 09:57:07] INFO: [REQ] contents=call-done | id=301
[2026-06-15 09:57:07] ERROR: [CALL-DONE ERROR] Cannot read properties of null (reading 'request')
[2026-06-15 09:57:08] INFO: [REQ] contents=call-done | id=101
[2026-06-15 09:57:08] ERROR: [CALL-DONE ERROR] Cannot read properties of null (reading 'request')
[2026-06-15 09:58:45] INFO: [MOCK] DB 연결 건너뜀 — 임시 데이터 모드
[2026-06-15 09:58:45] INFO: [그룹 바인딩] Host: SCC-IVR01에 서브ID: 102가 묶임 (누적: 2건)
[2026-06-15 09:58:45] INFO: [큐 최종 적재] Host: SCC-IVR01 | 묶인 갯수: 2건 | 대표ID: 101
[2026-06-15 09:58:45] INFO: [큐 최종 적재] Host: SCC-IVR02 | 묶인 갯수: 1건 | 대표ID: 201
[2026-06-15 09:58:45] INFO: [큐 최종 적재] Host: SCC-IVR03 | 묶인 갯수: 1건 | 대표ID: 301
[2026-06-15 09:58:45] INFO: [큐 최종 적재] Host: SCC-IVR04 | 묶인 갯수: 1건 | 대표ID: 401
[2026-06-15 09:58:45] INFO: [큐 최종 적재] Host: SCC-IVR05 | 묶인 갯수: 1건 | 대표ID: 501
[2026-06-15 09:58:45] INFO: [큐 최종 적재] Host: SCC-IVR06 | 묶인 갯수: 1건 | 대표ID: 601
[2026-06-15 09:58:45] INFO: [큐 최종 적재] Host: SCC-IVR07 | 묶인 갯수: 1건 | 대표ID: 701
[2026-06-15 09:58:45] INFO: [MOCK] 큐 초기 적재 완료 | 큐: 7건 | 처리중: 7건 | 번들: ID:101(2건), ID:201(1건), ID:301(1건), ID:401(1건), ID:501(1건), ID:601(1건), ID:701(1건)
[2026-06-15 09:58:45] INFO: [MOCK] 번들링 결과: IVR01(101+102 묶음) + IVR02~IVR07 각 1건 = 총 7건 → 큐 7건
[2026-06-15 09:58:45] INFO: [READY] 서버 기동 (MOCK) — http://127.0.0.1:3000
[2026-06-15 09:59:21] INFO: [REQ] contents=call-done | id=201
[2026-06-15 09:59:21] INFO: [발신 완료:정상] 번호: 01041581689 | 호스트: SCC-IVR02 | 유형: 심각 | 시스템: System-B | ID: 201 | 처리건수: 1건
[2026-06-15 09:59:21] INFO: [CALL-DONE] 정리 후 상태 | 큐: 7건 | 처리중: 6건 | 번들맵: 6개
[2026-06-15 09:59:21] INFO: [REQ] contents=call-done | id=301
[2026-06-15 09:59:21] INFO: [발신 완료:정상] 번호: 01041581689 | 호스트: SCC-IVR03 | 유형: 경고 | 시스템: System-C | ID: 301 | 처리건수: 1건
[2026-06-15 09:59:21] INFO: [CALL-DONE] 정리 후 상태 | 큐: 7건 | 처리중: 5건 | 번들맵: 5개
[2026-06-15 09:59:21] INFO: [REQ] contents=call-done | id=101
[2026-06-15 09:59:21] INFO: [발신 완료:정상] 번호: 01041581689 | 호스트: SCC-IVR01 | 유형: 심각 | 시스템: System-A | ID: 101 | 처리건수: 2건
[2026-06-15 09:59:21] INFO: [CALL-DONE] 정리 후 상태 | 큐: 7건 | 처리중: 4건 | 번들맵: 4개
[2026-06-15 11:23:04] INFO: [MOCK] DB 연결 건너뜀 — 임시 데이터 모드
[2026-06-15 11:23:04] INFO: [그룹 바인딩] Host: SCC-IVR01에 서브ID: 102가 묶임 (누적: 2건)
[2026-06-15 11:23:04] INFO: [큐 최종 적재] Host: SCC-IVR01 | 묶인 갯수: 2건 | 대표ID: 101
[2026-06-15 11:23:04] INFO: [큐 최종 적재] Host: SCC-IVR02 | 묶인 갯수: 1건 | 대표ID: 201
[2026-06-15 11:23:04] INFO: [큐 최종 적재] Host: SCC-IVR03 | 묶인 갯수: 1건 | 대표ID: 301
[2026-06-15 11:23:04] INFO: [큐 최종 적재] Host: SCC-IVR04 | 묶인 갯수: 1건 | 대표ID: 401
[2026-06-15 11:23:04] INFO: [큐 최종 적재] Host: SCC-IVR05 | 묶인 갯수: 1건 | 대표ID: 501
[2026-06-15 11:23:04] INFO: [큐 최종 적재] Host: SCC-IVR06 | 묶인 갯수: 1건 | 대표ID: 601
[2026-06-15 11:23:04] INFO: [큐 최종 적재] Host: SCC-IVR07 | 묶인 갯수: 1건 | 대표ID: 701
[2026-06-15 11:23:04] INFO: [MOCK] 큐 초기 적재 완료 | 큐: 7건 | 처리중: 7건 | 번들: ID:101(2건), ID:201(1건), ID:301(1건), ID:401(1건), ID:501(1건), ID:601(1건), ID:701(1건)
[2026-06-15 11:23:04] INFO: [MOCK] 번들링 결과: IVR01(101+102 묶음) + IVR02~IVR07 각 1건 = 총 7건 → 큐 7건
[2026-06-15 11:23:04] INFO: [READY] 서버 기동 (MOCK) — http://127.0.0.1:3000
[2026-06-15 11:23:08] INFO: [REQ] contents=call-done | id=201
[2026-06-15 11:23:08] INFO: [발신 완료:정상] 번호: 01041581689 | 호스트: SCC-IVR02 | 유형: 심각 | 시스템: System-B | ID: 201 | 처리건수: 1건
[2026-06-15 11:23:08] INFO: [CALL-DONE] 정리 후 상태 | 큐: 7건 | 처리중: 6건 | 번들맵: 6개
[2026-06-15 12:42:43] INFO: [REQ] contents=call-done | id=201
[2026-06-15 12:42:43] INFO: [발신 완료:정상] 번호: - | 호스트: - | 유형: - | 시스템: - | ID: 201 | 처리건수: 1건
[2026-06-15 12:42:43] INFO: [CALL-DONE] 정리 후 상태 | 큐: 7건 | 처리중: 6건 | 번들맵: 6개
[2026-06-15 12:42:57] INFO: [REQ] contents=call-done | id=201
[2026-06-15 12:42:57] INFO: [발신 완료:정상] 번호: - | 호스트: - | 유형: - | 시스템: - | ID: 201 | 처리건수: 1건
[2026-06-15 12:42:57] INFO: [CALL-DONE] 정리 후 상태 | 큐: 7건 | 처리중: 6건 | 번들맵: 6개
