[2026-06-03 17:39:00] INFO: [MOCK DB] SCC-IVR01 장비 가짜 데이터 2건 로드 완료 (대표 ID: 101)
[2026-06-03 17:39:00] INFO: [그룹 바인딩] Host: SCC-IVR01에 서브ID: 102가 묶임 (누적: 2건)
[2026-06-03 17:39:00] INFO: [큐 최종 적재] Host: SCC-IVR01 | 총 묶인 갯수: 2건 | 대표ID : 101
[2026-06-03 17:39:00] INFO: [MOCK DB] SCC-IVR02 장비 가짜 데이터 2건 로드 완료 (대표 ID: 101)
[2026-06-03 17:39:00] INFO: [그룹 바인딩] Host: SCC-IVR02에 서브ID: 202가 묶임 (누적: 2건)
[2026-06-03 17:39:00] INFO: [큐 최종 적재] Host: SCC-IVR02 | 총 묶인 갯수: 2건 | 대표ID : 201
[2026-06-03 17:39:00] INFO: [MOCK DB] SCC-IVR03 장비 가짜 데이터 1건 로드 완료 (대표 ID: 101)
[2026-06-03 17:39:00] INFO: [큐 최종 적재] Host: SCC-IVR03 | 총 묶인 갯수: 1건 | 대표ID : 301
[2026-06-03 17:39:00] INFO: [현재 큐 상태] 총 대기 건수: 3건
[2026-06-03 17:39:20] INFO: [REQ] contents=call-done
[2026-06-03 17:39:20] INFO: [REQ] id=201
[2026-06-03 17:39:20] INFO: [CALL-DONE] 대표 ID: 201에 묶인 실제 처리 대상 ID 목록:
[2026-06-03 17:39:20] INFO: [MOCK DB UPDATE SUCCESS] WHERE id IN (201, 202) -> status = 'processed' 업데이트 완료 처리됨
[2026-06-03 17:39:20] INFO: [CALL-DONE SUCCESS] 대표ID: 201를 포함한 총 2건 완전 처리 종결
[2026-06-03 17:39:20] INFO: 
==============================================
[2026-06-03 17:39:20] INFO: 📡 [처리 후 실시간 메모리 모니터링]
[2026-06-03 17:39:20] INFO:    - 남은 큐 대기 건수 (queue.length) : 3건
[2026-06-03 17:39:20] INFO:    - 현재 처리 중인 ID 목록 (processingIds) : [ 101, 301 ]
[2026-06-03 17:39:20] INFO:    - 번들링 맵 잔여 키 개수 (bundleMap.size) : 2개
[2026-06-03 17:39:20] INFO: ==============================================

[2026-06-03 17:39:20] INFO: [REQ] contents=call-done
[2026-06-03 17:39:20] INFO: [REQ] id=301
[2026-06-03 17:39:20] INFO: [CALL-DONE] 대표 ID: 301에 묶인 실제 처리 대상 ID 목록:
[2026-06-03 17:39:20] INFO: [MOCK DB UPDATE SUCCESS] WHERE id IN (301) -> status = 'processed' 업데이트 완료 처리됨
[2026-06-03 17:39:20] INFO: [CALL-DONE SUCCESS] 대표ID: 301를 포함한 총 1건 완전 처리 종결
[2026-06-03 17:39:20] INFO: 
==============================================
[2026-06-03 17:39:20] INFO: 📡 [처리 후 실시간 메모리 모니터링]
[2026-06-03 17:39:20] INFO:    - 남은 큐 대기 건수 (queue.length) : 3건
[2026-06-03 17:39:20] INFO:    - 현재 처리 중인 ID 목록 (processingIds) : [ 101 ]
[2026-06-03 17:39:20] INFO:    - 번들링 맵 잔여 키 개수 (bundleMap.size) : 1개
[2026-06-03 17:39:20] INFO: ==============================================

[2026-06-03 17:39:20] INFO: [REQ] contents=call-done
[2026-06-03 17:39:20] INFO: [REQ] id=101
[2026-06-03 17:39:20] INFO: [CALL-DONE] 대표 ID: 101에 묶인 실제 처리 대상 ID 목록:
[2026-06-03 17:39:20] INFO: [MOCK DB UPDATE SUCCESS] WHERE id IN (101, 102) -> status = 'processed' 업데이트 완료 처리됨
[2026-06-03 17:39:20] INFO: [CALL-DONE SUCCESS] 대표ID: 101를 포함한 총 2건 완전 처리 종결
[2026-06-03 17:39:20] INFO: 
==============================================
[2026-06-03 17:39:20] INFO: 📡 [처리 후 실시간 메모리 모니터링]
[2026-06-03 17:39:20] INFO:    - 남은 큐 대기 건수 (queue.length) : 3건
[2026-06-03 17:39:20] INFO:    - 현재 처리 중인 ID 목록 (processingIds) : [ 없음 ]
[2026-06-03 17:39:20] INFO:    - 번들링 맵 잔여 키 개수 (bundleMap.size) : 0개
[2026-06-03 17:39:20] INFO: ==============================================

